[www.purecinema.tv/index.html]
[www.purecinema.tv/wp-content/themes/pure-cinema/favicon/apple-touch-icon.png]
[www.purecinema.tv/wp-content/themes/pure-cinema/favicon/favicon-32x32.png]
[www.purecinema.tv/wp-content/themes/pure-cinema/favicon/favicon-16x16.png]
[www.purecinema.tv/wp-content/themes/pure-cinema/favicon/safari-pinned-tab.svg]
[www.purecinema.tv/wp-content/themes/pure-cinema/favicon/favicon.ico]
[www.purecinema.tv/wp-content/themes/pure-cinema/favicon/browserconfig.xml]
[backblue.gif]
[fade.gif]
[index.html]
[www.purecinema.tv/wp-content/uploads/2021/01/PureCinema-Share.jpg]
[www.purecinema.tv/wp-content/themes/pure-cinema/build/main552f.css]
[www.purecinema.tv/wp-includes/css/classic-themes.min68b3.css]
[www.purecinema.tv/about/index.html]
[www.purecinema.tv/work/index.html]
[www.purecinema.tv/contact/index.html]
[www.purecinema.tv/wp-content/uploads/2021/03/A21-Featured-Image-1366x0-c-default.webp]
[www.purecinema.tv/wp-content/uploads/2022/09/J-1366x0-c-default.webp]
[www.purecinema.tv/until-all-are-free/index.html]
[www.purecinema.tv/jonny/index.html]
[www.purecinema.tv/wp-content/uploads/2020/11/LeadershIP-1366x0-c-default.webp]
[www.purecinema.tv/leadership/index.html]
[www.purecinema.tv/wp-content/uploads/2021/11/lululemon-x-Francis-Donald-1366x0-c-default.webp]
[www.purecinema.tv/lululemon-x-francis-donald/index.html]
[www.purecinema.tv/wp-content/uploads/2020/11/Cutwater-2-1366x0-c-default.webp]
[www.purecinema.tv/wp-content/uploads/2022/07/UCSD-Cover-1366x0-c-default.webp]
[www.purecinema.tv/real-people-real-spirits/index.html]
[www.purecinema.tv/like-non-other/index.html]
[www.purecinema.tv/wp-content/uploads/2020/11/homepage-footer-scaled.jpg]
[www.purecinema.tv/privacy-policy/index.html]
[www.purecinema.tv/index.html]
[www.purecinema.tv/wp-content/themes/pure-cinema/favicon/site.html]
[www.purecinema.tv/wp-content/themes/pure-cinema/build/maina12d.js]
[fonts.gstatic.com/index.html]
[fonts.googleapis.com/css28243.css]
[www.purecinema.tv/wp-content/uploads/2020/11/A4385B88-B6A1-4F17-8AB8-FD686CC2810B-B4C092D9-8271-4130-BA76-D0AF5B3B76FE-scaled-1366x0-c-default.webp]
[www.purecinema.tv/wp-content/uploads/2022/05/8153455D-FBA1-4924-B4D7-6BCDEDF2C561-074E6FAA-00AC-440D-A209-F75E05BBEBAC-scaled-1024x0-c-default.webp]
[www.purecinema.tv/wp-content/uploads/2022/05/C5CA6E09-CFB9-4F65-97B0-30C8BFD28323-scaled-1024x0-c-default.webp]
[www.purecinema.tv/wp-content/uploads/2022/12/Luke-2022-PC-Headshot-scaled-600x0-c-default.webp]
[www.purecinema.tv/wp-content/uploads/2022/01/qoSX_7UA-600x0-c-default.webp]
[www.purecinema.tv/wp-content/uploads/2022/01/DSCF7289-600x0-c-default.webp]
[www.purecinema.tv/wp-content/uploads/2022/01/I1gXt3dQ-600x0-c-default.webp]
[www.purecinema.tv/wp-content/uploads/2022/01/DSCF7343-600x0-c-default.webp]
[www.purecinema.tv/wp-content/uploads/2020/09/Screen20Shot202019-02-2020at201.24.1220PM-600x0-c-default.webp]
[www.purecinema.tv/wp-content/uploads/2022/05/IMG_9075-600x0-c-default.webp]
[www.purecinema.tv/wp-content/uploads/2022/01/DSCF7268-600x0-c-default.webp]
[www.purecinema.tv/wp-content/uploads/2021/01/39W5995_downrez-scaled-1920x0-c-default.webp]
[www.purecinema.tv/about/index.html]
[www.purecinema.tv/backyard-bbq/index.html]
[www.purecinema.tv/wp-content/uploads/2022/11/Cutwater-Web-Preview-960x0-c-default.webp]
[www.purecinema.tv/wp-content/uploads/2022/09/J-960x0-c-default.webp]
[www.purecinema.tv/wp-content/uploads/2022/07/UCSD-Cover-960x0-c-default.webp]
[www.purecinema.tv/wp-content/uploads/2022/07/Hawkers-Screen-Grab-960x0-c-default.webp]
[www.purecinema.tv/real-hasta-la-muerte/index.html]
[www.purecinema.tv/wp-content/uploads/2022/01/Intelius-web-960x0-c-default.webp]
[www.purecinema.tv/wp-content/uploads/2021/11/lululemon-x-Francis-Donald-960x0-c-default.webp]
[www.purecinema.tv/classmates/index.html]
[www.purecinema.tv/wp-content/uploads/2022/05/SKLZ-Cover-960x0-c-default.webp]
[www.purecinema.tv/wp-content/uploads/2022/07/SKLZ-Golf-Cover-960x0-c-default.webp]
[www.purecinema.tv/never-settle/index.html]
[www.purecinema.tv/never-settle-2/index.html]
[www.purecinema.tv/wp-content/uploads/2021/03/A21-Featured-Image-960x0-c-default.webp]
[www.purecinema.tv/wp-content/uploads/2020/11/Its-Quiet-Out-Here-960x0-c-default.webp]
[www.purecinema.tv/wp-content/uploads/2020/11/Evolution-of-the-DJ-960x0-c-default.webp]
[www.purecinema.tv/evolution-of-the-dj/index.html]
[www.purecinema.tv/wp-content/uploads/2021/07/Decked-Step-Up-Your-Game-960x0-c-default.webp]
[www.purecinema.tv/its-quiet-out-here/index.html]
[www.purecinema.tv/wp-content/uploads/2020/11/Planck-960x0-c-default.webp]
[www.purecinema.tv/stepupyourgame/index.html]
[www.purecinema.tv/planck-aerosystems/index.html]
[www.purecinema.tv/wp-content/uploads/2020/11/Made-to-Keep-960x0-c-default.webp]
[www.purecinema.tv/wp-content/uploads/2021/07/SKLZ-Web-960x0-c-default.webp]
[www.purecinema.tv/made-to-keep/index.html]
[www.purecinema.tv/wp-content/uploads/2021/05/CE-Miramar-960x0-c-default.webp]
[www.purecinema.tv/wp-content/uploads/2021/05/Ballerina-960x0-c-default.webp]
[www.purecinema.tv/workforit/index.html]
[www.purecinema.tv/the-ballerina/index.html]
[www.purecinema.tv/learn-more-earn-more/index.html]
[www.purecinema.tv/duo-bottle/index.html]
[www.purecinema.tv/wp-content/uploads/2020/11/ChiccoDuo-1-960x0-c-default.webp]
[www.purecinema.tv/wp-content/uploads/2021/03/Vans-Thumbnail-scaled-960x0-c-default.webp]
[www.purecinema.tv/young-love/index.html]
[www.purecinema.tv/wp-content/uploads/2020/11/Now-in-an-App-960x0-c-default.webp]
[www.purecinema.tv/wp-content/uploads/2020/11/Shaper-960x0-c-default.webp]
[www.purecinema.tv/the-art-of-shaping/index.html]
[www.purecinema.tv/wp-content/uploads/2022/05/1-960x0-c-default.webp]
[www.purecinema.tv/now-in-an-app/index.html]
[www.purecinema.tv/wp-content/uploads/2021/01/FF-Still-960x0-c-default.webp]
[www.purecinema.tv/we-are-san-diego-wave-fc/index.html]
[www.purecinema.tv/move-forward/index.html]
[www.purecinema.tv/wp-content/uploads/2021/07/Blake-McKay-960x0-c-default.webp]
[www.purecinema.tv/wp-content/uploads/2021/07/Gorjana-Commercial-960x0-c-default.webp]
[www.purecinema.tv/blakemckay/index.html]
[www.purecinema.tv/wp-content/uploads/2020/11/2000-Pounds-of-Glory-960x0-c-default.webp]
[www.purecinema.tv/cosmicpull/index.html]
[www.purecinema.tv/wp-content/uploads/2020/11/Cutwater-2-960x0-c-default.webp]
[www.purecinema.tv/allinwithdirkdeckman/index.html]
[www.purecinema.tv/wp-content/uploads/2020/11/Indistructable-Woman-960x0-c-default.webp]
[www.purecinema.tv/wp-content/uploads/2020/11/The-Process-960x0-c-default.webp]
[www.purecinema.tv/the-indestructible-woman/index.html]
[www.purecinema.tv/the-process/index.html]
[www.purecinema.tv/wp-content/uploads/2020/11/LeadershIP-960x0-c-default.webp]
[www.purecinema.tv/wp-content/uploads/2021/07/Ace-Web-960x0-c-default.webp]
[www.purecinema.tv/ace/index.html]
[www.purecinema.tv/wp-content/uploads/2020/11/Be-the-Villain-960x0-c-default.webp]
[www.purecinema.tv/wp-content/uploads/2020/11/Power-Digital-Anthem-960x0-c-default.webp]
[www.purecinema.tv/be-the-villian/index.html]
[www.purecinema.tv/power-digital-anthem/index.html]
[www.purecinema.tv/wp-content/uploads/2021/03/Balboa-Park-960x0-c-default.webp]
[www.purecinema.tv/wp-content/uploads/2021/05/Biocom-960x0-c-default.webp]
[www.purecinema.tv/cultivating-wonder/index.html]
[www.purecinema.tv/your-story-is-our-story/index.html]
[www.purecinema.tv/wp-content/uploads/2020/11/Chaos-960x0-c-default.webp]
[www.purecinema.tv/wp-content/uploads/2020/11/Ticwatch-960x0-c-default.webp]
[www.purecinema.tv/chaos/index.html]
[www.purecinema.tv/wp-content/uploads/2020/11/Here-We-Come-960x0-c-default.webp]
[www.purecinema.tv/ticwatch/index.html]
[www.purecinema.tv/here-we-come/index.html]
[www.purecinema.tv/wp-content/uploads/2020/11/Coach-Dad-960x0-c-default.webp]
[www.purecinema.tv/wp-content/uploads/2021/03/JFS-Still-960x0-c-default.webp]
[www.purecinema.tv/coach-dad/index.html]
[www.purecinema.tv/evolution-of-the-dj-2/index.html]
[www.purecinema.tv/wp-content/uploads/2020/11/Dignity-960x0-c-default.webp]
[www.purecinema.tv/dignity/index.html]
[www.purecinema.tv/wp-content/uploads/2020/11/Fire-Roasted-Shrimp-960x0-c-default.webp]
[www.purecinema.tv/fire-roasted-shrimp/index.html]
[www.purecinema.tv/wp-content/uploads/2020/11/Trusted-By-960x0-c-default.webp]
[www.purecinema.tv/dj-series/index.html]
[www.purecinema.tv/wp-content/uploads/2020/11/Your-Voice-is-a-Force-960x0-c-default.webp]
[www.purecinema.tv/your-voice-is-a-force/index.html]
[www.purecinema.tv/wp-content/uploads/2020/11/Raised-in-the-Waves-960x0-c-default.webp]
[www.purecinema.tv/wp-content/uploads/2020/11/Brisket-Done-Righteous-960x0-c-default.webp]
[www.purecinema.tv/raised-in-the-waves/index.html]
[www.purecinema.tv/briket-done-righteous/index.html]
[www.purecinema.tv/wp-content/uploads/2020/11/Guide-to-the-Good-Stuff-960x0-c-default.webp]
[www.purecinema.tv/wp-content/uploads/2020/11/Committed-to-Fitness-960x0-c-default.webp]
[www.purecinema.tv/guides-to-the-good-stuff/index.html]
[www.purecinema.tv/committed-to-fitness/index.html]
[www.purecinema.tv/wp-content/uploads/2020/11/Curio-960x0-c-default.webp]
[www.purecinema.tv/work/index.html]
[www.purecinema.tv/wp-content/uploads/2020/11/office-20_downres-scaled-1366x0-c-default.webp]
[www.purecinema.tv/be-curious/index.html]
[www.purecinema.tv/wp-content/uploads/2020/11/office0_downres-scaled-1366x0-c-default.webp]
[www.purecinema.tv/wp-content/uploads/2020/11/office-2000downres-1-scaled-1366x0-c-default.webp]
[www.purecinema.tv/wp-content/uploads/2020/11/office-10-1366x0-c-default.webp]
[www.purecinema.tv/wp-content/uploads/2021/01/footer-20_downres-copy-scaled-1920x0-c-default.webp]
[www.purecinema.tv/contact/index.html]
[www.purecinema.tv/wp-content/uploads/2021/03/A21-Featured-Image.jpg]
[www.purecinema.tv/wp-content/uploads/2021/03/A21-Featured-Image-1920x0-c-default.webp]
[www.purecinema.tv/wp-content/uploads/2021/03/Selects.00_25_06_05.Still002-1366x0-c-default.webp]
[www.purecinema.tv/wp-content/uploads/2021/03/A21-3-1366x0-c-default.webp]
[www.purecinema.tv/wp-content/uploads/2021/03/A21-6-1366x0-c-default.webp]
[www.purecinema.tv/wp-content/uploads/2021/03/A21-4-1366x0-c-default.webp]
[www.purecinema.tv/wp-content/uploads/2021/03/A-21-7-1366x0-c-default.webp]
[www.purecinema.tv/wp-content/uploads/2021/03/A21-5-1366x0-c-default.webp]
[www.purecinema.tv/wp-content/uploads/2021/03/A21-2-1366x0-c-default.webp]
[www.purecinema.tv/wp-content/uploads/2020/11/Its-Quiet-Out-Here-1920x0-c-default.webp]
[www.purecinema.tv/until-all-are-free/index.html]
[www.purecinema.tv/wp-content/uploads/2022/09/J-1024x426.png]
[www.purecinema.tv/wp-content/uploads/2022/09/J-1920x0-c-default.webp]
[www.purecinema.tv/wp-content/uploads/2022/07/UCSD-Cover-1920x0-c-default.webp]
[www.purecinema.tv/jonny/index.html]
[www.purecinema.tv/wp-content/uploads/2020/11/LeadershIP.jpg]
[www.purecinema.tv/wp-content/uploads/2020/11/LeadershIP-1920x0-c-default.webp]
[www.purecinema.tv/wp-content/uploads/2021/07/Ace-Web-1920x0-c-default.webp]
[www.purecinema.tv/leadership/index.html]
[www.purecinema.tv/wp-content/uploads/2021/11/lululemon-x-Francis-Donald.png]
[www.purecinema.tv/wp-content/uploads/2021/11/lululemon-x-Francis-Donald-1920x0-c-default.webp]
[www.purecinema.tv/lululemon-x-francis-donald/index.html]
[www.purecinema.tv/wp-content/uploads/2022/05/SKLZ-Cover-1920x0-c-default.webp]
[www.purecinema.tv/wp-content/uploads/2020/11/Cutwater-2.jpg]
[www.purecinema.tv/wp-content/uploads/2020/11/Cutwater-2-1920x0-c-default.webp]
[www.purecinema.tv/wp-content/uploads/2020/11/Screen-Shot-2020-12-02-at-11.54.55-AM-1366x0-c-default.webp]
[www.purecinema.tv/wp-content/uploads/2020/11/Screen-Shot-2020-12-02-at-11.56.37-AM-1366x0-c-default.webp]
[www.purecinema.tv/wp-content/uploads/2020/11/Screen-Shot-2020-12-02-at-11.57.39-AM-1366x0-c-default.webp]
[www.purecinema.tv/wp-content/uploads/2020/11/Screen-Shot-2020-12-02-at-11.56.56-AM-1366x0-c-default.webp]
[www.purecinema.tv/wp-content/uploads/2020/11/Screen-Shot-2020-12-02-at-11.56.08-AM-1366x0-c-default.webp]
[www.purecinema.tv/wp-content/uploads/2020/11/Screen-Shot-2020-12-02-at-11.55.21-AM-1366x0-c-default.webp]
[www.purecinema.tv/wp-content/uploads/2020/11/Indistructable-Woman-1920x0-c-default.webp]
[www.purecinema.tv/real-people-real-spirits/index.html]
[www.purecinema.tv/wp-content/uploads/2022/07/UCSD-Cover-1024x575.png]
[www.purecinema.tv/wp-content/uploads/2022/07/Hawkers-Screen-Grab-1920x0-c-default.webp]
[www.purecinema.tv/like-non-other/index.html]
[www.purecinema.tv/privacy-policy/index.html]
[www.purecinema.tv/wp-content/uploads/2022/11/Cutwater-Web-Preview-1024x576.png]
[www.purecinema.tv/backyard-bbq/index.html]
[www.purecinema.tv/wp-content/uploads/2022/11/Cutwater-Web-Preview-1920x0-c-default.webp]
[www.purecinema.tv/wp-content/uploads/2022/07/Hawkers-Screen-Grab.png]
[www.purecinema.tv/wp-content/uploads/2022/01/Intelius-web-1920x0-c-default.webp]
[www.purecinema.tv/real-hasta-la-muerte/index.html]
[www.purecinema.tv/wp-content/uploads/2022/01/Intelius-web.png]
[www.purecinema.tv/classmates/index.html]
[www.purecinema.tv/wp-content/uploads/2022/05/SKLZ-Cover-1024x576.png]
[www.purecinema.tv/wp-content/uploads/2022/07/SKLZ-Golf-Cover-1920x0-c-default.webp]
[www.purecinema.tv/never-settle/index.html]
[www.purecinema.tv/wp-content/uploads/2022/07/SKLZ-Golf-Cover-1024x576.png]
[www.purecinema.tv/never-settle-2/index.html]
[www.purecinema.tv/wp-content/uploads/2020/11/Its-Quiet-Out-Here.jpg]
[www.purecinema.tv/wp-content/uploads/2020/09/media-1-1366x0-c-default.webp]
[www.purecinema.tv/wp-content/uploads/2020/09/media-2-1366x0-c-default.webp]
[www.purecinema.tv/wp-content/uploads/2020/09/gallery-3-1-1366x0-c-default.webp]
[www.purecinema.tv/wp-content/uploads/2020/09/gallery-2-1-1366x0-c-default.webp]
[www.purecinema.tv/wp-content/uploads/2020/09/gallery-1-1-1366x0-c-default.webp]
[www.purecinema.tv/wp-content/uploads/2020/11/Evolution-of-the-DJ-1920x0-c-default.webp]
[www.purecinema.tv/its-quiet-out-here/index.html]
[www.purecinema.tv/wp-content/uploads/2020/11/Evolution-of-the-DJ.jpg]
[www.purecinema.tv/wp-content/uploads/2020/11/Screen-Shot-2020-12-02-at-11.38.30-AM-1366x0-c-default.webp]
[www.purecinema.tv/wp-content/uploads/2020/11/Screen-Shot-2020-12-02-at-11.35.31-AM-1366x0-c-default.webp]
[www.purecinema.tv/wp-content/uploads/2020/11/Screen-Shot-2020-12-02-at-11.37.47-AM-1366x0-c-default.webp]
[www.purecinema.tv/wp-content/uploads/2020/11/Screen-Shot-2020-12-02-at-11.37.28-AM-1366x0-c-default.webp]
[www.purecinema.tv/wp-content/uploads/2020/11/Screen-Shot-2020-12-02-at-11.37.13-AM-1366x0-c-default.webp]
[www.purecinema.tv/wp-content/uploads/2021/07/Decked-Step-Up-Your-Game-1920x0-c-default.webp]
[www.purecinema.tv/evolution-of-the-dj/index.html]
[www.purecinema.tv/wp-content/uploads/2021/07/Decked-Step-Up-Your-Game-1024x576.png]
[www.purecinema.tv/wp-content/uploads/2020/11/Planck-1920x0-c-default.webp]
[www.purecinema.tv/stepupyourgame/index.html]
[www.purecinema.tv/wp-content/uploads/2020/11/Planck.jpg]
[www.purecinema.tv/planck-aerosystems/index.html]
[www.purecinema.tv/wp-content/uploads/2020/11/Made-to-Keep-1920x0-c-default.webp]
[www.purecinema.tv/wp-content/uploads/2020/11/Made-to-Keep.jpg]
[www.purecinema.tv/wp-content/uploads/2021/07/SKLZ-Web-1920x0-c-default.webp]
[www.purecinema.tv/made-to-keep/index.html]
[www.purecinema.tv/wp-content/uploads/2021/07/SKLZ-Web.png]
[www.purecinema.tv/wp-content/uploads/2021/05/CE-Miramar-1920x0-c-default.webp]
[www.purecinema.tv/workforit/index.html]
[www.purecinema.tv/wp-content/uploads/2021/05/CE-Miramar-1024x576.png]
[www.purecinema.tv/learn-more-earn-more/index.html]
[www.purecinema.tv/wp-content/uploads/2021/05/Ballerina-1920x0-c-default.webp]
[www.purecinema.tv/wp-content/uploads/2021/05/Ballerina-1024x766.png]
[www.purecinema.tv/wp-content/uploads/2020/11/ChiccoDuo-1-1920x0-c-default.webp]
[www.purecinema.tv/the-ballerina/index.html]
[www.purecinema.tv/wp-content/uploads/2020/11/ChiccoDuo-1.jpg]
[www.purecinema.tv/wp-content/uploads/2021/03/Vans-Thumbnail-scaled-1920x0-c-default.webp]
[www.purecinema.tv/duo-bottle/index.html]
[www.purecinema.tv/wp-content/uploads/2021/03/Vans-Thumbnail-scaled.jpg]
[www.purecinema.tv/wp-content/uploads/2021/03/Vans-Thumbnail-scaled-1366x0-c-default.webp]
[www.purecinema.tv/wp-content/uploads/2021/03/Vans-1-scaled-1366x0-c-default.webp]
[www.purecinema.tv/wp-content/uploads/2021/03/Vans-8-scaled-1366x0-c-default.webp]
[www.purecinema.tv/wp-content/uploads/2021/03/Vans-6-scaled-1366x0-c-default.webp]
[www.purecinema.tv/wp-content/uploads/2021/03/Vans-4-scaled-1366x0-c-default.webp]
[www.purecinema.tv/wp-content/uploads/2021/03/Vans-3-scaled-1366x0-c-default.webp]
[www.purecinema.tv/wp-content/uploads/2020/11/Now-in-an-App-1920x0-c-default.webp]
[www.purecinema.tv/young-love/index.html]
[www.purecinema.tv/wp-content/uploads/2020/11/Now-in-an-App.jpg]
[www.purecinema.tv/wp-content/uploads/2020/11/Shaper-1920x0-c-default.webp]
[www.purecinema.tv/now-in-an-app/index.html]
[www.purecinema.tv/wp-content/uploads/2020/11/Shaper.jpg]
[www.purecinema.tv/wp-content/uploads/2022/05/1-1920x0-c-default.webp]
[www.purecinema.tv/the-art-of-shaping/index.html]
[www.purecinema.tv/wp-content/uploads/2022/05/1-1024x565.png]
[www.purecinema.tv/wp-content/uploads/2021/01/FF-Still-1920x0-c-default.webp]
[www.purecinema.tv/we-are-san-diego-wave-fc/index.html]
[www.purecinema.tv/wp-content/uploads/2021/01/FF-Still.jpg]
[www.purecinema.tv/wp-content/uploads/2021/01/FF-Still-5-1366x0-c-default.webp]
[www.purecinema.tv/wp-content/uploads/2021/01/FF-still-1-1366x0-c-default.webp]
[www.purecinema.tv/wp-content/uploads/2021/01/FF-Still-4-1366x0-c-default.webp]
[www.purecinema.tv/wp-content/uploads/2021/01/FF-Still-3-1366x0-c-default.webp]
[www.purecinema.tv/wp-content/uploads/2021/01/FF-Still-2-1366x0-c-default.webp]
[www.purecinema.tv/wp-content/uploads/2021/07/Blake-McKay-1920x0-c-default.webp]
[www.purecinema.tv/move-forward/index.html]
[www.purecinema.tv/wp-content/uploads/2021/07/Blake-McKay-1024x576.png]
[www.purecinema.tv/wp-content/uploads/2021/07/Gorjana-Commercial-1920x0-c-default.webp]
[www.purecinema.tv/blakemckay/index.html]
[www.purecinema.tv/wp-content/uploads/2021/07/Gorjana-Commercial-1024x576.png]
[www.purecinema.tv/wp-content/uploads/2020/11/2000-Pounds-of-Glory-1920x0-c-default.webp]
[www.purecinema.tv/cosmicpull/index.html]
[www.purecinema.tv/wp-content/uploads/2020/11/2000-Pounds-of-Glory.jpg]
[www.purecinema.tv/allinwithdirkdeckman/index.html]
[www.purecinema.tv/wp-content/uploads/2020/11/Indistructable-Woman.jpg]
[www.purecinema.tv/wp-content/uploads/2020/11/The-Process-1920x0-c-default.webp]
[www.purecinema.tv/the-indestructible-woman/index.html]
[www.purecinema.tv/wp-content/uploads/2020/11/The-Process.jpg]
[www.purecinema.tv/the-process/index.html]
[www.purecinema.tv/wp-content/uploads/2021/07/Ace-Web-1024x576.png]
[www.purecinema.tv/wp-content/uploads/2020/11/Be-the-Villain-1920x0-c-default.webp]
[www.purecinema.tv/ace/index.html]
[www.purecinema.tv/wp-content/uploads/2020/11/Be-the-Villain.jpg]
[www.purecinema.tv/wp-content/uploads/2020/11/Power-Digital-Anthem-1920x0-c-default.webp]
[www.purecinema.tv/be-the-villian/index.html]
[www.purecinema.tv/wp-content/uploads/2020/11/Power-Digital-Anthem.jpg]
[www.purecinema.tv/wp-content/uploads/2021/03/Balboa-Park-1920x0-c-default.webp]
[www.purecinema.tv/power-digital-anthem/index.html]
[www.purecinema.tv/wp-content/uploads/2021/03/Balboa-Park.jpg]
[www.purecinema.tv/wp-content/uploads/2021/03/1-1366x0-c-default.webp]
[www.purecinema.tv/wp-content/uploads/2021/03/3-1366x0-c-default.webp]
[www.purecinema.tv/wp-content/uploads/2021/03/2-1366x0-c-default.webp]
[www.purecinema.tv/wp-content/uploads/2021/03/4-1366x0-c-default.webp]
[www.purecinema.tv/wp-content/uploads/2021/03/5-1366x0-c-default.webp]
[www.purecinema.tv/wp-content/uploads/2021/05/Biocom-1920x0-c-default.webp]
[www.purecinema.tv/cultivating-wonder/index.html]
[www.purecinema.tv/wp-content/uploads/2021/05/Biocom-1024x576.png]
[www.purecinema.tv/wp-content/uploads/2020/11/Chaos-1920x0-c-default.webp]
[www.purecinema.tv/your-story-is-our-story/index.html]
[www.purecinema.tv/wp-content/uploads/2020/11/Chaos.jpg]
[www.purecinema.tv/wp-content/uploads/2020/11/Ticwatch-1920x0-c-default.webp]
[www.purecinema.tv/chaos/index.html]
[www.purecinema.tv/wp-content/uploads/2020/11/Ticwatch.jpg]
[www.purecinema.tv/wp-content/uploads/2020/11/Here-We-Come-1920x0-c-default.webp]
[www.purecinema.tv/ticwatch/index.html]
[www.purecinema.tv/wp-content/uploads/2020/11/Here-We-Come.jpg]
[www.purecinema.tv/wp-content/uploads/2020/11/Coach-Dad-1920x0-c-default.webp]
[www.purecinema.tv/here-we-come/index.html]
[www.purecinema.tv/wp-content/uploads/2020/11/Coach-Dad.jpg]
[www.purecinema.tv/wp-content/uploads/2021/03/JFS-Still-1920x0-c-default.webp]
[www.purecinema.tv/coach-dad/index.html]
[www.purecinema.tv/wp-content/uploads/2021/03/JFS-Still.jpg]
[www.purecinema.tv/wp-content/uploads/2021/03/JFS5-1366x0-c-default.webp]
[www.purecinema.tv/wp-content/uploads/2021/03/JFS-3-1366x0-c-default.webp]
[www.purecinema.tv/wp-content/uploads/2021/03/JFS2-1366x0-c-default.webp]
[www.purecinema.tv/wp-content/uploads/2021/03/JFS-1-1366x0-c-default.webp]
[www.purecinema.tv/wp-content/uploads/2021/03/JFS4-1366x0-c-default.webp]
[www.purecinema.tv/wp-content/uploads/2020/11/Dignity-1920x0-c-default.webp]
[www.purecinema.tv/evolution-of-the-dj-2/index.html]
[www.purecinema.tv/wp-content/uploads/2020/11/Dignity.jpg]
[www.purecinema.tv/wp-content/uploads/2020/11/Screen-Shot-2020-12-02-at-4.04.26-PM-1366x0-c-default.webp]
[www.purecinema.tv/wp-content/uploads/2020/11/Screen-Shot-2020-12-02-at-4.02.20-PM-1366x0-c-default.webp]
[www.purecinema.tv/wp-content/uploads/2020/11/Screen-Shot-2020-12-02-at-4.00.51-PM-1366x0-c-default.webp]
[www.purecinema.tv/wp-content/uploads/2020/11/Screen-Shot-2020-12-02-at-4.03.59-PM-1366x0-c-default.webp]
[www.purecinema.tv/wp-content/uploads/2020/11/Screen-Shot-2020-12-02-at-4.03.24-PM-1366x0-c-default.webp]
[www.purecinema.tv/wp-content/uploads/2020/11/Screen-Shot-2020-12-02-at-4.03.01-PM-1366x0-c-default.webp]
[www.purecinema.tv/wp-content/uploads/2020/11/Screen-Shot-2020-12-02-at-4.02.33-PM-1366x0-c-default.webp]
[www.purecinema.tv/wp-content/uploads/2020/11/Screen-Shot-2020-12-02-at-4.01.32-PM-1366x0-c-default.webp]
[www.purecinema.tv/wp-content/uploads/2020/11/Screen-Shot-2020-12-02-at-4.01.13-PM-1366x0-c-default.webp]
[www.purecinema.tv/wp-content/uploads/2020/11/Fire-Roasted-Shrimp-1920x0-c-default.webp]
[www.purecinema.tv/dignity/index.html]
[www.purecinema.tv/wp-content/uploads/2020/11/Fire-Roasted-Shrimp.jpg]
[www.purecinema.tv/wp-content/uploads/2020/11/Trusted-By-1920x0-c-default.webp]
[www.purecinema.tv/fire-roasted-shrimp/index.html]
[www.purecinema.tv/wp-content/uploads/2020/11/Trusted-By.jpg]
[www.purecinema.tv/dj-series/index.html]
[www.purecinema.tv/wp-content/uploads/2020/11/Your-Voice-is-a-Force-1920x0-c-default.webp]
[www.purecinema.tv/wp-content/uploads/2020/11/Your-Voice-is-a-Force.jpg]
[www.purecinema.tv/wp-content/uploads/2020/11/Raised-in-the-Waves-1920x0-c-default.webp]
[www.purecinema.tv/your-voice-is-a-force/index.html]
[www.purecinema.tv/wp-content/uploads/2020/11/Raised-in-the-Waves.jpg]
[www.purecinema.tv/raised-in-the-waves/index.html]
[www.purecinema.tv/wp-content/uploads/2020/11/Brisket-Done-Righteous-1920x0-c-default.webp]
[www.purecinema.tv/wp-content/uploads/2020/11/Brisket-Done-Righteous.jpg]
[www.purecinema.tv/wp-content/uploads/2020/11/Guide-to-the-Good-Stuff-1920x0-c-default.webp]
[www.purecinema.tv/briket-done-righteous/index.html]
[www.purecinema.tv/wp-content/uploads/2020/11/Guide-to-the-Good-Stuff.jpg]
[www.purecinema.tv/wp-content/uploads/2020/11/Committed-to-Fitness-1920x0-c-default.webp]
[www.purecinema.tv/guides-to-the-good-stuff/index.html]
[www.purecinema.tv/wp-content/uploads/2020/11/Committed-to-Fitness.jpg]
[www.purecinema.tv/wp-content/uploads/2020/11/Curio-1920x0-c-default.webp]
[www.purecinema.tv/committed-to-fitness/index.html]
[www.purecinema.tv/wp-content/uploads/2020/11/Curio.jpg]
[www.purecinema.tv/be-curious/index.html]
[www.purecinema.tv/wp-content/uploads/2021/01/PureCinema-Share.jpg]
[www.purecinema.tv/wp-content/themes/pure-cinema/favicon/safari-pinned-tab.svg]
[www.purecinema.tv/wp-content/uploads/2021/03/A21-Featured-Image-1366x0-c-default.webp]
[www.purecinema.tv/wp-content/uploads/2020/11/Cutwater-2-1366x0-c-default.webp]
[www.purecinema.tv/wp-content/themes/pure-cinema/build/maina12d.js]
[www.purecinema.tv/wp-content/uploads/2022/07/UCSD-Cover-1366x0-c-default.webp]
[www.purecinema.tv/wp-content/uploads/2020/11/homepage-footer-scaled.jpg]
[www.purecinema.tv/wp-content/uploads/2020/11/A4385B88-B6A1-4F17-8AB8-FD686CC2810B-B4C092D9-8271-4130-BA76-D0AF5B3B76FE-scaled-1366x0-c-default.webp]
[www.purecinema.tv/wp-content/themes/pure-cinema/build/main552f.css]
[www.purecinema.tv/wp-content/themes/pure-cinema/build/e99e8bf7bccc5193dbc4c4ec2092a977.svg]
[www.purecinema.tv/wp-content/uploads/2022/01/DSCF7289-600x0-c-default.webp]
[www.purecinema.tv/wp-content/uploads/2022/11/Cutwater-Web-Preview-960x0-c-default.webp]
[www.purecinema.tv/wp-includes/css/classic-themes.min68b3.css]
[www.purecinema.tv/wp-content/uploads/2021/01/39W5995_downrez-scaled-1920x0-c-default.webp]
[www.purecinema.tv/wp-content/uploads/2022/09/J-960x0-c-default.webp]
[www.purecinema.tv/jonny/index.html]
[www.purecinema.tv/like-non-other/index.html]
[www.purecinema.tv/privacy-policy/index.html]
[www.purecinema.tv/wp-content/uploads/2022/07/UCSD-Cover-960x0-c-default.webp]
[www.purecinema.tv/wp-content/uploads/2021/03/A21-Featured-Image-960x0-c-default.webp]
[www.purecinema.tv/wp-content/uploads/2020/11/Its-Quiet-Out-Here-960x0-c-default.webp]
[www.purecinema.tv/wp-content/uploads/2022/05/8153455D-FBA1-4924-B4D7-6BCDEDF2C561-074E6FAA-00AC-440D-A209-F75E05BBEBAC-scaled-1024x0-c-default.webp]
[www.purecinema.tv/wp-content/uploads/2020/11/Made-to-Keep-960x0-c-default.webp]
[www.purecinema.tv/wp-content/uploads/2021/05/CE-Miramar-960x0-c-default.webp]
[www.purecinema.tv/wp-content/uploads/2022/01/I1gXt3dQ-600x0-c-default.webp]
[www.purecinema.tv/wp-content/uploads/2021/03/Balboa-Park-960x0-c-default.webp]
[www.purecinema.tv/wp-content/uploads/2021/03/JFS-Still-960x0-c-default.webp]
[www.purecinema.tv/backyard-bbq/index.html]
[www.purecinema.tv/real-hasta-la-muerte/index.html]
[www.purecinema.tv/its-quiet-out-here/index.html]
[www.purecinema.tv/evolution-of-the-dj/index.html]
[www.purecinema.tv/workforit/index.html]
[www.purecinema.tv/the-ballerina/index.html]
[www.purecinema.tv/your-story-is-our-story/index.html]
[www.purecinema.tv/dignity/index.html]
[www.purecinema.tv/your-voice-is-a-force/index.html]
[www.purecinema.tv/briket-done-righteous/index.html]
[www.purecinema.tv/wp-content/uploads/2020/11/Trusted-By-960x0-c-default.webp]
[www.purecinema.tv/wp-content/uploads/2020/11/Raised-in-the-Waves-960x0-c-default.webp]
[www.purecinema.tv/wp-content/uploads/2020/11/office-20_downres-scaled-1366x0-c-default.webp]
[www.purecinema.tv/wp-content/uploads/2020/11/office0_downres-scaled-1366x0-c-default.webp]
[www.purecinema.tv/wp-content/uploads/2020/11/office-10-1366x0-c-default.webp]
[www.purecinema.tv/wp-content/uploads/2021/01/footer-20_downres-copy-scaled-1920x0-c-default.webp]
[www.purecinema.tv/wp-content/uploads/2021/03/A21-Featured-Image.jpg]
[www.purecinema.tv/wp-content/uploads/2021/03/A21-Featured-Image-1920x0-c-default.webp]
[www.purecinema.tv/wp-content/uploads/2020/11/Its-Quiet-Out-Here-1920x0-c-default.webp]
[www.purecinema.tv/wp-content/uploads/2022/09/J-1024x426.png]
[www.purecinema.tv/wp-content/uploads/2022/07/UCSD-Cover-1920x0-c-default.webp]
[www.purecinema.tv/wp-content/uploads/2022/09/J-1920x0-c-default.webp]
[www.purecinema.tv/wp-content/uploads/2020/11/LeadershIP-1920x0-c-default.webp]
[www.purecinema.tv/wp-content/uploads/2020/11/LeadershIP.jpg]
[www.purecinema.tv/wp-content/uploads/2021/11/lululemon-x-Francis-Donald.png]
[www.purecinema.tv/wp-content/uploads/2021/07/Ace-Web-1920x0-c-default.webp]
[www.purecinema.tv/wp-content/uploads/2021/11/lululemon-x-Francis-Donald-1920x0-c-default.webp]
[www.purecinema.tv/wp-content/uploads/2022/05/SKLZ-Cover-1920x0-c-default.webp]
[www.purecinema.tv/wp-content/uploads/2020/11/Cutwater-2.jpg]
[www.purecinema.tv/wp-content/uploads/2020/11/Screen-Shot-2020-12-02-at-11.56.37-AM-1366x0-c-default.webp]
[www.purecinema.tv/wp-content/uploads/2020/11/Screen-Shot-2020-12-02-at-11.56.56-AM-1366x0-c-default.webp]
[www.purecinema.tv/wp-content/uploads/2020/11/Indistructable-Woman-1920x0-c-default.webp]
[www.purecinema.tv/wp-content/uploads/2022/07/UCSD-Cover-1024x575.png]
[www.purecinema.tv/wp-content/uploads/2020/11/Screen-Shot-2020-12-02-at-11.56.08-AM-1366x0-c-default.webp]
[www.purecinema.tv/wp-content/uploads/2022/11/Cutwater-Web-Preview-1920x0-c-default.webp]
[www.purecinema.tv/wp-content/uploads/2022/11/Cutwater-Web-Preview-1024x576.png]
[www.purecinema.tv/wp-content/uploads/2022/07/Hawkers-Screen-Grab.png]
[www.purecinema.tv/wp-content/uploads/2022/07/Hawkers-Screen-Grab-1920x0-c-default.webp]
[www.purecinema.tv/wp-content/uploads/2022/05/SKLZ-Cover-1024x576.png]
[www.purecinema.tv/wp-content/uploads/2022/01/Intelius-web.png]
[www.purecinema.tv/wp-content/uploads/2022/07/SKLZ-Golf-Cover-1920x0-c-default.webp]
[www.purecinema.tv/wp-content/uploads/2022/01/Intelius-web-1920x0-c-default.webp]
[www.purecinema.tv/wp-content/uploads/2022/07/SKLZ-Golf-Cover-1024x576.png]
[www.purecinema.tv/wp-content/uploads/2020/11/Its-Quiet-Out-Here.jpg]
[www.purecinema.tv/wp-content/uploads/2020/09/media-2-1366x0-c-default.webp]
[www.purecinema.tv/wp-content/uploads/2020/09/media-1-1366x0-c-default.webp]
[www.purecinema.tv/wp-content/uploads/2020/11/Evolution-of-the-DJ-1920x0-c-default.webp]
[www.purecinema.tv/wp-content/uploads/2020/11/Evolution-of-the-DJ.jpg]
[www.purecinema.tv/wp-content/uploads/2020/11/Screen-Shot-2020-12-02-at-11.35.31-AM-1366x0-c-default.webp]
[www.purecinema.tv/wp-content/uploads/2020/09/gallery-3-1-1366x0-c-default.webp]
[www.purecinema.tv/wp-content/uploads/2021/07/Decked-Step-Up-Your-Game-1024x576.png]
[www.purecinema.tv/wp-content/uploads/2020/11/Planck-1920x0-c-default.webp]
[www.purecinema.tv/wp-content/uploads/2020/11/Planck.jpg]
[www.purecinema.tv/wp-content/uploads/2020/11/Screen-Shot-2020-12-02-at-11.38.30-AM-1366x0-c-default.webp]
[www.purecinema.tv/wp-content/uploads/2020/11/Made-to-Keep-1920x0-c-default.webp]
[www.purecinema.tv/wp-content/uploads/2020/11/Made-to-Keep.jpg]
[www.purecinema.tv/wp-content/uploads/2021/07/SKLZ-Web.png]
[www.purecinema.tv/wp-content/uploads/2020/11/Screen-Shot-2020-12-02-at-11.37.47-AM-1366x0-c-default.webp]
[www.purecinema.tv/wp-content/uploads/2021/05/CE-Miramar-1920x0-c-default.webp]
[www.purecinema.tv/wp-content/uploads/2021/05/CE-Miramar-1024x576.png]
[www.purecinema.tv/wp-content/uploads/2021/05/Ballerina-1920x0-c-default.webp]
[www.purecinema.tv/wp-content/uploads/2021/07/SKLZ-Web-1920x0-c-default.webp]
[www.purecinema.tv/wp-content/uploads/2021/05/Ballerina-1024x766.png]
[www.purecinema.tv/wp-content/uploads/2020/11/ChiccoDuo-1.jpg]
[www.purecinema.tv/wp-content/uploads/2021/03/Vans-Thumbnail-scaled-1920x0-c-default.webp]
[www.purecinema.tv/wp-content/uploads/2020/11/ChiccoDuo-1-1920x0-c-default.webp]
[www.purecinema.tv/wp-content/uploads/2021/03/Vans-4-scaled-1366x0-c-default.webp]
[www.purecinema.tv/wp-content/uploads/2021/03/Vans-Thumbnail-scaled.jpg]
[www.purecinema.tv/wp-content/uploads/2020/11/Now-in-an-App-1920x0-c-default.webp]
[www.purecinema.tv/wp-content/uploads/2021/03/Vans-Thumbnail-scaled-1366x0-c-default.webp]
[www.purecinema.tv/wp-content/uploads/2020/11/Now-in-an-App.jpg]
[www.purecinema.tv/wp-content/uploads/2020/11/Shaper.jpg]
[www.purecinema.tv/wp-content/uploads/2022/05/1-1920x0-c-default.webp]
[www.purecinema.tv/wp-content/uploads/2021/03/Vans-3-scaled-1366x0-c-default.webp]
[www.purecinema.tv/wp-content/uploads/2022/05/1-1024x565.png]
[www.purecinema.tv/wp-content/uploads/2021/01/FF-Still.jpg]
[www.purecinema.tv/wp-content/uploads/2021/07/Blake-McKay-1024x576.png]
[www.purecinema.tv/wp-content/uploads/2020/11/Shaper-1920x0-c-default.webp]
[www.purecinema.tv/wp-content/uploads/2021/07/Gorjana-Commercial-1024x576.png]
[www.purecinema.tv/wp-content/uploads/2020/11/2000-Pounds-of-Glory-1920x0-c-default.webp]
[www.purecinema.tv/wp-content/uploads/2020/11/2000-Pounds-of-Glory.jpg]
[www.purecinema.tv/wp-content/uploads/2021/01/FF-Still-1920x0-c-default.webp]
[www.purecinema.tv/wp-content/uploads/2020/11/Indistructable-Woman.jpg]
[www.purecinema.tv/wp-content/uploads/2020/11/The-Process-1920x0-c-default.webp]
[www.purecinema.tv/wp-content/uploads/2020/11/The-Process.jpg]
[www.purecinema.tv/wp-content/uploads/2021/01/FF-Still-5-1366x0-c-default.webp]
[www.purecinema.tv/wp-content/uploads/2021/07/Ace-Web-1024x576.png]
[www.purecinema.tv/wp-content/uploads/2020/11/Be-the-Villain-1920x0-c-default.webp]
[www.purecinema.tv/wp-content/uploads/2020/11/Be-the-Villain.jpg]
[www.purecinema.tv/wp-content/uploads/2021/07/Gorjana-Commercial-1920x0-c-default.webp]
[www.purecinema.tv/wp-content/uploads/2020/11/Power-Digital-Anthem.jpg]
[www.purecinema.tv/wp-content/uploads/2021/03/Balboa-Park-1920x0-c-default.webp]
[www.purecinema.tv/wp-content/uploads/2021/03/Balboa-Park.jpg]
[www.purecinema.tv/wp-content/uploads/2020/11/Power-Digital-Anthem-1920x0-c-default.webp]
[www.purecinema.tv/wp-content/uploads/2021/03/3-1366x0-c-default.webp]
[www.purecinema.tv/wp-content/uploads/2021/03/1-1366x0-c-default.webp]
[www.purecinema.tv/wp-content/uploads/2021/03/2-1366x0-c-default.webp]
[www.purecinema.tv/wp-content/uploads/2021/03/4-1366x0-c-default.webp]
[www.purecinema.tv/wp-content/uploads/2021/05/Biocom-1024x576.png]
[www.purecinema.tv/wp-content/uploads/2020/11/Chaos-1920x0-c-default.webp]
[www.purecinema.tv/wp-content/uploads/2020/11/Chaos.jpg]
[www.purecinema.tv/wp-content/uploads/2020/11/Ticwatch-1920x0-c-default.webp]
[www.purecinema.tv/wp-content/uploads/2020/11/Here-We-Come-1920x0-c-default.webp]
[www.purecinema.tv/wp-content/uploads/2020/11/Ticwatch.jpg]
[www.purecinema.tv/wp-content/uploads/2020/11/Here-We-Come.jpg]
[www.purecinema.tv/wp-content/uploads/2021/03/JFS5-1366x0-c-default.webp]
[www.purecinema.tv/wp-content/uploads/2021/03/JFS4-1366x0-c-default.webp]
[www.purecinema.tv/wp-content/uploads/2021/03/JFS-1-1366x0-c-default.webp]
[www.purecinema.tv/wp-content/uploads/2020/11/Dignity-1920x0-c-default.webp]
[www.purecinema.tv/wp-content/uploads/2020/11/Screen-Shot-2020-12-02-at-4.04.26-PM-1366x0-c-default.webp]
[www.purecinema.tv/wp-content/uploads/2020/11/Screen-Shot-2020-12-02-at-4.04.26-PM-1366x0-c-default.webp]
[www.purecinema.tv/wp-content/uploads/2020/11/Screen-Shot-2020-12-02-at-4.02.20-PM-1366x0-c-default.webp]
[www.purecinema.tv/wp-content/uploads/2020/11/Screen-Shot-2020-12-02-at-4.01.32-PM-1366x0-c-default.webp]
[www.purecinema.tv/wp-content/uploads/2020/11/Fire-Roasted-Shrimp-1920x0-c-default.webp]
[www.purecinema.tv/wp-content/uploads/2020/11/Screen-Shot-2020-12-02-at-4.00.51-PM-1366x0-c-default.webp]
[www.purecinema.tv/wp-content/uploads/2020/11/Screen-Shot-2020-12-02-at-4.00.51-PM-1366x0-c-default.webp]
[www.purecinema.tv/wp-content/uploads/2020/11/Fire-Roasted-Shrimp.jpg]
[www.purecinema.tv/wp-content/uploads/2020/11/Trusted-By-1920x0-c-default.webp]
[www.purecinema.tv/wp-content/uploads/2020/11/Trusted-By.jpg]
[www.purecinema.tv/wp-content/uploads/2020/11/Screen-Shot-2020-12-02-at-4.01.13-PM-1366x0-c-default.webp]
[www.purecinema.tv/wp-content/uploads/2020/11/Screen-Shot-2020-12-02-at-4.01.13-PM-1366x0-c-default.webp]
[www.purecinema.tv/wp-content/uploads/2020/11/Your-Voice-is-a-Force-1920x0-c-default.webp]
[www.purecinema.tv/wp-content/uploads/2020/11/Your-Voice-is-a-Force.jpg]
[www.purecinema.tv/wp-content/uploads/2020/11/Raised-in-the-Waves-1920x0-c-default.webp]
[www.purecinema.tv/wp-content/uploads/2020/11/Committed-to-Fitness-1920x0-c-default.webp]
[www.purecinema.tv/wp-content/themes/pure-cinema/build/e99e8bf7bccc5193dbc4c4ec2092a977.svg]
